// Vitest Snapshot v1, https://vitest.dev/guide/snapshot.html

exports[`tsynamo > sends a basic get command 1`] = `
[MockFunction spy] {
  "calls": [
    [
      GetCommand {
        "clientCommand": GetItemCommand {
          "deserialize": [Function],
          "input": {
            "AttributesToGet": [
              "somethingElse",
            ],
            "ConsistentRead": true,
            "Key": {
              "timestamp": "123",
              "userId": "123",
            },
            "TableName": "myTable",
          },
          "middlewareStack": {
            "add": [Function],
            "addRelativeTo": [Function],
            "applyToStack": [Function],
            "clone": [Function],
            "concat": [Function],
            "identify": [Function],
            "identifyOnResolve": [Function],
            "remove": [Function],
            "removeByTag": [Function],
            "resolve": [Function],
            "use": [Function],
          },
          "serialize": [Function],
        },
        "input": {
          "AttributesToGet": [
            "somethingElse",
          ],
          "ConsistentRead": true,
          "Key": {
            "timestamp": "123",
            "userId": "123",
          },
          "TableName": "myTable",
        },
        "inputKeyNodes": {
          "Key": {},
        },
        "middlewareStack": {
          "add": [Function],
          "addRelativeTo": [Function],
          "applyToStack": [Function],
          "clone": [Function],
          "concat": [Function],
          "identify": [Function],
          "identifyOnResolve": [Function],
          "remove": [Function],
          "removeByTag": [Function],
          "resolve": [Function],
          "use": [Function],
        },
        "outputKeyNodes": {
          "Item": {},
        },
      },
    ],
  ],
  "results": [
    {
      "type": "return",
      "value": {},
    },
  ],
}
`;
